engdeu9604,ende-tutorial1,ende-tutorial1,TGT,eng,deu,1,ende-tutorial1,False,"{'start_i': 0, 'end_i': 50, 'severity': 'major'}"
engdeu9604,ende-tutorial1,ende-tutorial1,TGT,eng,deu,2,ende-tutorial1,False,"{'start_i': 0, 'end_i': 50, 'severity': 'major'}"
engdeu9604,ende-tutorial1,ende-tutorial1,TGT,eng,deu,3,ende-tutorial1,False,"{'start_i': 0, 'end_i': 50, 'severity': 'major'}"
engdeu9604,ende-tutorial2,ende-tutorial2,TGT,eng,deu,4,ende-tutorial2,False,"{'start_i': 0, 'end_i': 50, 'severity': 'major'}"
engdeu9604,ende-tutorial2,ende-tutorial2,TGT,eng,deu,5,ende-tutorial2,False,"{'start_i': 0, 'end_i': 50, 'severity': 'major'}"
engdeu9604,ende-tutorial2,ende-tutorial2,TGT,eng,deu,6,ende-tutorial2,False,"{'start_i': 0, 'end_i': 50, 'severity': 'major'}"
engdeu9604,Claude-3.5,en-de,TGT,eng,deu,7,test-en-speech_392RoIzR2Fs_001,False,"{'start_i': 0, 'end_i': 50, 'severity': 'major'}"
engdeu9604,ONLINE-B,en-de,TGT,eng,deu,8,test-en-speech_TBPP-za78BQ_000,False,"{'start_i': 0, 'end_i': 50, 'severity': 'major'}"
engdeu9604,Llama3-70B,en-de,TGT,eng,deu,9,test-en-news_brisbanetimes.com.au.228963,False,"{'start_i': 0, 'end_i': 50, 'severity': 'major'}"
engdeu9604,Llama3-70B,en-de,TGT,eng,deu,10,test-en-news_brisbanetimes.com.au.228963,False,"{'start_i': 0, 'end_i': 50, 'severity': 'major'}"
engdeu9604,Llama3-70B,en-de,TGT,eng,deu,11,test-en-news_brisbanetimes.com.au.228963,False,"{'start_i': 0, 'end_i': 50, 'severity': 'major'}"
engdeu9604,Llama3-70B,en-de,TGT,eng,deu,12,test-en-news_brisbanetimes.com.au.228963,False,"{'start_i': 0, 'end_i': 50, 'severity': 'major'}"
engdeu9604,Llama3-70B,en-de,TGT,eng,deu,13,test-en-news_brisbanetimes.com.au.228963,False,"{'start_i': 0, 'end_i': 50, 'severity': 'major'}"
engdeu9604,Dubformer,en-de,BAD,eng,deu,14,test-en-social_112122127346453600#bad,False,"{'start_i': 0, 'end_i': 50, 'severity': 'major'}"
engdeu9604,Dubformer,en-de,BAD,eng,deu,15,test-en-social_112122127346453600#bad,False,"{'start_i': 0, 'end_i': 50, 'severity': 'major'}"
engdeu9604,Dubformer,en-de,BAD,eng,deu,16,test-en-social_112122127346453600#bad,False,"{'start_i': 0, 'end_i': 50, 'severity': 'major'}"
engdeu9604,Dubformer,en-de,BAD,eng,deu,17,test-en-social_112122127346453600#bad,False,"{'start_i': 0, 'end_i': 50, 'severity': 'major'}"
engdeu9604,Dubformer,en-de,BAD,eng,deu,18,test-en-social_112122127346453600#bad,False,"{'start_i': 0, 'end_i': 50, 'severity': 'major'}"
engdeu9604,Dubformer,en-de,BAD,eng,deu,19,test-en-social_112122127346453600#bad,False,"{'start_i': 0, 'end_i': 50, 'severity': 'major'}"
engdeu9604,Dubformer,en-de,BAD,eng,deu,20,test-en-social_112122127346453600#bad,False,"{'start_i': 0, 'end_i': 50, 'severity': 'major'}"
engdeu9604,Dubformer,en-de,BAD,eng,deu,21,test-en-social_112122127346453600#bad,False,"{'start_i': 0, 'end_i': 50, 'severity': 'major'}"
engdeu9604,Dubformer,en-de,BAD,eng,deu,22,test-en-social_112122127346453600#bad,False,"{'start_i': 0, 'end_i': 50, 'severity': 'major'}"
engdeu9604,Dubformer,en-de,BAD,eng,deu,23,test-en-social_112122127346453600#bad,False,"{'start_i': 0, 'end_i': 50, 'severity': 'major'}"
engdeu9604,Claude-3.5,en-de,TGT,eng,deu,24,test-en-literary_forever_snow_chunk_2_words_986,False,"{'start_i': 0, 'end_i': 50, 'severity': 'major'}"
engdeu9604,Claude-3.5,en-de,TGT,eng,deu,25,test-en-literary_forever_snow_chunk_2_words_986,False,"{'start_i': 0, 'end_i': 50, 'severity': 'major'}"
engdeu9604,Claude-3.5,en-de,TGT,eng,deu,26,test-en-literary_forever_snow_chunk_2_words_986,False,"{'start_i': 0, 'end_i': 50, 'severity': 'major'}"
engdeu9604,Claude-3.5,en-de,TGT,eng,deu,27,test-en-literary_forever_snow_chunk_2_words_986,False,"{'start_i': 0, 'end_i': 50, 'severity': 'major'}"
engdeu9604,Claude-3.5,en-de,TGT,eng,deu,28,test-en-literary_forever_snow_chunk_2_words_986,False,"{'start_i': 0, 'end_i': 50, 'severity': 'major'}"
engdeu9604,Claude-3.5,en-de,TGT,eng,deu,29,test-en-literary_forever_snow_chunk_2_words_986,False,"{'start_i': 0, 'end_i': 50, 'severity': 'major'}"
engdeu9604,Claude-3.5,en-de,TGT,eng,deu,30,test-en-literary_forever_snow_chunk_2_words_986,False,"{'start_i': 0, 'end_i': 50, 'severity': 'major'}"
engdeu9604,Claude-3.5,en-de,TGT,eng,deu,31,test-en-literary_forever_snow_chunk_2_words_986,False,"{'start_i': 0, 'end_i': 50, 'severity': 'major'}"
engdeu9604,Claude-3.5,en-de,TGT,eng,deu,32,test-en-literary_forever_snow_chunk_2_words_986,False,"{'start_i': 0, 'end_i': 50, 'severity': 'major'}"
engdeu9604,Claude-3.5,en-de,TGT,eng,deu,33,test-en-literary_forever_snow_chunk_2_words_986,False,"{'start_i': 0, 'end_i': 50, 'severity': 'major'}"
engdeu9604,Dubformer,en-de,TGT,eng,deu,34,test-en-speech_6JeSS_CODZ0_000,False,"{'start_i': 0, 'end_i': 50, 'severity': 'major'}"
engdeu9604,IOL-Research,en-de,TGT,eng,deu,35,test-en-speech_07FOJFFqOYc_002,False,"{'start_i': 0, 'end_i': 50, 'severity': 'major'}"
engdeu9604,IOL-Research,en-de,BAD,eng,deu,36,test-en-social_112111346044907536#bad,False,"{'start_i': 0, 'end_i': 50, 'severity': 'major'}"
engdeu9604,IOL-Research,en-de,BAD,eng,deu,37,test-en-social_112111346044907536#bad,False,"{'start_i': 0, 'end_i': 50, 'severity': 'major'}"
engdeu9604,Llama3-70B,en-de,TGT,eng,deu,38,test-en-speech_XwIQLLbD7SI_001,False,"{'start_i': 0, 'end_i': 50, 'severity': 'major'}"
engdeu9604,IKUN-C,en-de,TGT,eng,deu,39,test-en-literary_the_other_side_stormfall_chunk_2_words_956,False,"{'start_i': 0, 'end_i': 50, 'severity': 'major'}"
engdeu9604,IKUN-C,en-de,TGT,eng,deu,40,test-en-literary_the_other_side_stormfall_chunk_2_words_956,False,"{'start_i': 0, 'end_i': 50, 'severity': 'major'}"
engdeu9604,IKUN-C,en-de,TGT,eng,deu,41,test-en-literary_the_other_side_stormfall_chunk_2_words_956,False,"{'start_i': 0, 'end_i': 50, 'severity': 'major'}"
engdeu9604,IKUN-C,en-de,TGT,eng,deu,42,test-en-literary_the_other_side_stormfall_chunk_2_words_956,False,"{'start_i': 0, 'end_i': 50, 'severity': 'major'}"
engdeu9604,IKUN-C,en-de,TGT,eng,deu,43,test-en-literary_the_other_side_stormfall_chunk_2_words_956,False,"{'start_i': 0, 'end_i': 50, 'severity': 'major'}"
engdeu9604,IKUN-C,en-de,TGT,eng,deu,44,test-en-literary_the_other_side_stormfall_chunk_2_words_956,False,"{'start_i': 0, 'end_i': 50, 'severity': 'major'}"
engdeu9604,IKUN-C,en-de,TGT,eng,deu,45,test-en-literary_the_other_side_stormfall_chunk_2_words_956,False,"{'start_i': 0, 'end_i': 50, 'severity': 'major'}"
engdeu9604,IKUN-C,en-de,TGT,eng,deu,46,test-en-literary_the_other_side_stormfall_chunk_2_words_956,False,"{'start_i': 0, 'end_i': 50, 'severity': 'major'}"
engdeu9604,IKUN-C,en-de,TGT,eng,deu,47,test-en-literary_the_other_side_stormfall_chunk_2_words_956,False,"{'start_i': 0, 'end_i': 50, 'severity': 'major'}"
engdeu9604,IKUN-C,en-de,TGT,eng,deu,48,test-en-literary_the_other_side_stormfall_chunk_2_words_956,False,"{'start_i': 0, 'end_i': 50, 'severity': 'major'}"
engdeu9604,IOL-Research,en-de,TGT,eng,deu,49,test-en-social_112111346044907536,False,"{'start_i': 0, 'end_i': 50, 'severity': 'major'}"
engdeu9604,IOL-Research,en-de,TGT,eng,deu,50,test-en-social_112111346044907536,False,"{'start_i': 0, 'end_i': 50, 'severity': 'major'}"
engdeu9604,IOL-Research,en-de,TGT,eng,deu,51,test-en-social_112111346044907536,False,"{'start_i': 0, 'end_i': 50, 'severity': 'major'}"
engdeu9604,IOL-Research,en-de,TGT,eng,deu,52,test-en-social_112111346044907536,False,"{'start_i': 0, 'end_i': 50, 'severity': 'major'}"
engdeu9604,IOL-Research,en-de,TGT,eng,deu,53,test-en-social_112111346044907536,False,"{'start_i': 0, 'end_i': 50, 'severity': 'major'}"
engdeu9604,IOL-Research,en-de,TGT,eng,deu,54,test-en-social_112111346044907536,False,"{'start_i': 0, 'end_i': 50, 'severity': 'major'}"
engdeu9604,IOL-Research,en-de,TGT,eng,deu,55,test-en-social_112111346044907536,False,"{'start_i': 0, 'end_i': 50, 'severity': 'major'}"
engdeu9604,IOL-Research,en-de,TGT,eng,deu,56,test-en-social_112111346044907536,False,"{'start_i': 0, 'end_i': 50, 'severity': 'major'}"
engdeu9604,IOL-Research,en-de,TGT,eng,deu,57,test-en-social_112111346044907536,False,"{'start_i': 0, 'end_i': 50, 'severity': 'major'}"
engdeu9604,IOL-Research,en-de,TGT,eng,deu,58,test-en-social_112111346044907536,False,"{'start_i': 0, 'end_i': 50, 'severity': 'major'}"
engdeu9604,Llama3-70B,en-de,TGT,eng,deu,59,test-en-news_economist.14223#incomplete,False,"{'start_i': 0, 'end_i': 50, 'severity': 'major'}"
engdeu9604,Llama3-70B,en-de,TGT,eng,deu,60,test-en-news_economist.14223#incomplete,False,"{'start_i': 0, 'end_i': 50, 'severity': 'major'}"
engdeu9604,Claude-3.5,en-de,TGT,eng,deu,61,test-en-news_newsweek.63908,False,"{'start_i': 0, 'end_i': 50, 'severity': 'major'}"
engdeu9604,Claude-3.5,en-de,TGT,eng,deu,62,test-en-news_newsweek.63908,False,"{'start_i': 0, 'end_i': 50, 'severity': 'major'}"
engdeu9604,Claude-3.5,en-de,TGT,eng,deu,63,test-en-news_newsweek.63908,False,"{'start_i': 0, 'end_i': 50, 'severity': 'major'}"
engdeu9604,Claude-3.5,en-de,TGT,eng,deu,64,test-en-news_newsweek.63908,False,"{'start_i': 0, 'end_i': 50, 'severity': 'major'}"
engdeu9604,Claude-3.5,en-de,TGT,eng,deu,65,test-en-news_newsweek.63908,False,"{'start_i': 0, 'end_i': 50, 'severity': 'major'}"
engdeu9604,Claude-3.5,en-de,TGT,eng,deu,66,test-en-news_newsweek.63908,False,"{'start_i': 0, 'end_i': 50, 'severity': 'major'}"
engdeu9604,Claude-3.5,en-de,TGT,eng,deu,67,test-en-news_newsweek.63908,False,"{'start_i': 0, 'end_i': 50, 'severity': 'major'}"
engdeu9604,Claude-3.5,en-de,TGT,eng,deu,68,test-en-news_newsweek.63908,False,"{'start_i': 0, 'end_i': 50, 'severity': 'major'}"
engdeu9604,Claude-3.5,en-de,TGT,eng,deu,69,test-en-news_newsweek.63908,False,"{'start_i': 0, 'end_i': 50, 'severity': 'major'}"
engdeu9604,Claude-3.5,en-de,TGT,eng,deu,70,test-en-news_newsweek.63908,False,"{'start_i': 0, 'end_i': 50, 'severity': 'major'}"
engdeu9604,IKUN-C,en-de,TGT,eng,deu,71,test-en-news_csmonitor.com.7750,False,"{'start_i': 0, 'end_i': 50, 'severity': 'major'}"
engdeu9604,IKUN-C,en-de,TGT,eng,deu,72,test-en-news_csmonitor.com.7750,False,"{'start_i': 0, 'end_i': 50, 'severity': 'major'}"
engdeu9604,IKUN-C,en-de,TGT,eng,deu,73,test-en-news_csmonitor.com.7750,False,"{'start_i': 0, 'end_i': 50, 'severity': 'major'}"
engdeu9604,IKUN-C,en-de,TGT,eng,deu,74,test-en-news_csmonitor.com.7750,False,"{'start_i': 0, 'end_i': 50, 'severity': 'major'}"
engdeu9604,IKUN-C,en-de,TGT,eng,deu,75,test-en-news_csmonitor.com.7750,False,"{'start_i': 0, 'end_i': 50, 'severity': 'major'}"
engdeu9604,IKUN-C,en-de,TGT,eng,deu,76,test-en-news_csmonitor.com.7750,False,"{'start_i': 0, 'end_i': 50, 'severity': 'major'}"
engdeu9604,IKUN-C,en-de,TGT,eng,deu,77,test-en-news_csmonitor.com.7750,False,"{'start_i': 0, 'end_i': 50, 'severity': 'major'}"
engdeu9604,IKUN-C,en-de,TGT,eng,deu,78,test-en-news_csmonitor.com.7750,False,"{'start_i': 0, 'end_i': 50, 'severity': 'major'}"
engdeu9604,IKUN-C,en-de,TGT,eng,deu,79,test-en-news_csmonitor.com.7750,False,"{'start_i': 0, 'end_i': 50, 'severity': 'major'}"
engdeu9604,IOL-Research,en-de,TGT,eng,deu,80,test-en-social_112121157211696272,False,"{'start_i': 0, 'end_i': 50, 'severity': 'major'}"
engdeu9604,IOL-Research,en-de,TGT,eng,deu,81,test-en-social_112121157211696272,False,"{'start_i': 0, 'end_i': 50, 'severity': 'major'}"
engdeu9604,IOL-Research,en-de,TGT,eng,deu,82,test-en-social_112121157211696272,False,"{'start_i': 0, 'end_i': 50, 'severity': 'major'}"
engdeu9604,IOL-Research,en-de,TGT,eng,deu,83,test-en-social_112121157211696272,False,"{'start_i': 0, 'end_i': 50, 'severity': 'major'}"
engdeu9604,IOL-Research,en-de,TGT,eng,deu,84,test-en-social_112121157211696272,False,"{'start_i': 0, 'end_i': 50, 'severity': 'major'}"
engdeu9604,IOL-Research,en-de,TGT,eng,deu,85,test-en-social_112121157211696272,False,"{'start_i': 0, 'end_i': 50, 'severity': 'major'}"
engdeu9604,IOL-Research,en-de,TGT,eng,deu,86,test-en-social_112121157211696272,False,"{'start_i': 0, 'end_i': 50, 'severity': 'major'}"
engdeu9604,IOL-Research,en-de,TGT,eng,deu,87,test-en-social_112121157211696272,False,"{'start_i': 0, 'end_i': 50, 'severity': 'major'}"
engdeu9604,IOL-Research,en-de,TGT,eng,deu,88,test-en-social_112121157211696272,False,"{'start_i': 0, 'end_i': 50, 'severity': 'major'}"
engdeu9604,IOL-Research,en-de,TGT,eng,deu,89,test-en-social_112121157211696272,False,"{'start_i': 0, 'end_i': 50, 'severity': 'major'}"
engdeu9604,Dubformer,en-de,TGT,eng,deu,90,test-en-social_112122127346453600,False,"{'start_i': 0, 'end_i': 50, 'severity': 'major'}"
engdeu9604,Dubformer,en-de,TGT,eng,deu,91,test-en-social_112122127346453600,False,"{'start_i': 0, 'end_i': 50, 'severity': 'major'}"
engdeu9604,Dubformer,en-de,TGT,eng,deu,92,test-en-social_112122127346453600,False,"{'start_i': 0, 'end_i': 50, 'severity': 'major'}"
engdeu9604,Dubformer,en-de,TGT,eng,deu,93,test-en-social_112122127346453600,False,"{'start_i': 0, 'end_i': 50, 'severity': 'major'}"
engdeu9604,Dubformer,en-de,TGT,eng,deu,94,test-en-social_112122127346453600,False,"{'start_i': 0, 'end_i': 50, 'severity': 'major'}"
engdeu9604,Dubformer,en-de,TGT,eng,deu,95,test-en-social_112122127346453600,False,"{'start_i': 0, 'end_i': 50, 'severity': 'major'}"
engdeu9604,Dubformer,en-de,TGT,eng,deu,96,test-en-social_112122127346453600,False,"{'start_i': 0, 'end_i': 50, 'severity': 'major'}"
engdeu9604,Dubformer,en-de,TGT,eng,deu,97,test-en-social_112122127346453600,False,"{'start_i': 0, 'end_i': 50, 'severity': 'major'}"
engdeu9604,Dubformer,en-de,TGT,eng,deu,98,test-en-social_112122127346453600,False,"{'start_i': 0, 'end_i': 50, 'severity': 'major'}"
engdeu9604,Dubformer,en-de,TGT,eng,deu,99,test-en-social_112122127346453600,False,"{'start_i': 0, 'end_i': 50, 'severity': 'major'}"
engdeu9604,IOL-Research,en-de,TGT,eng,deu,100,test-en-speech_QaueRRYecxo_000,False,"{'start_i': 0, 'end_i': 50, 'severity': 'major'}"
engdeu9604,Dubformer,en-de,TGT,eng,deu,101,test-en-social_112122127346453600,False,"{'start_i': 0, 'end_i': 50, 'severity': 'major'}"
engdeu9604,Dubformer,en-de,TGT,eng,deu,102,test-en-social_112122127346453600,False,"{'start_i': 0, 'end_i': 50, 'severity': 'major'}"
engdeu9604,Dubformer,en-de,TGT,eng,deu,103,test-en-social_112122127346453600,False,"{'start_i': 0, 'end_i': 50, 'severity': 'major'}"
engdeu9604,Dubformer,en-de,TGT,eng,deu,104,test-en-social_112122127346453600,False,"{'start_i': 0, 'end_i': 50, 'severity': 'major'}"
engdeu9604,Dubformer,en-de,TGT,eng,deu,105,test-en-social_112122127346453600,False,"{'start_i': 0, 'end_i': 50, 'severity': 'major'}"
engdeu9604,Dubformer,en-de,TGT,eng,deu,106,test-en-social_112122127346453600,False,"{'start_i': 0, 'end_i': 50, 'severity': 'major'}"
engdeu9604,Dubformer,en-de,TGT,eng,deu,107,test-en-social_112122127346453600,False,"{'start_i': 0, 'end_i': 50, 'severity': 'major'}"
engdeu9604,Dubformer,en-de,TGT,eng,deu,108,test-en-social_112122127346453600,False,"{'start_i': 0, 'end_i': 50, 'severity': 'major'}"
engdeu9604,Dubformer,en-de,TGT,eng,deu,109,test-en-social_112122127346453600,False,"{'start_i': 0, 'end_i': 50, 'severity': 'major'}"
engdeu9604,IOL-Research,en-de,TGT,eng,deu,110,test-en-speech_QaueRRYecxo_000,False,"{'start_i': 0, 'end_i': 50, 'severity': 'major'}"
