engdeu9704,ende-tutorial1,ende-tutorial1,TGT,eng,deu,1,ende-tutorial1,False,"{'start_i': 0, 'end_i': 50, 'severity': 'major'}"
engdeu9704,ende-tutorial1,ende-tutorial1,TGT,eng,deu,2,ende-tutorial1,False,"{'start_i': 0, 'end_i': 50, 'severity': 'major'}"
engdeu9704,ende-tutorial1,ende-tutorial1,TGT,eng,deu,3,ende-tutorial1,False,"{'start_i': 0, 'end_i': 50, 'severity': 'major'}"
engdeu9704,ende-tutorial2,ende-tutorial2,TGT,eng,deu,4,ende-tutorial2,False,"{'start_i': 0, 'end_i': 50, 'severity': 'major'}"
engdeu9704,ende-tutorial2,ende-tutorial2,TGT,eng,deu,5,ende-tutorial2,False,"{'start_i': 0, 'end_i': 50, 'severity': 'major'}"
engdeu9704,ende-tutorial2,ende-tutorial2,TGT,eng,deu,6,ende-tutorial2,False,"{'start_i': 0, 'end_i': 50, 'severity': 'major'}"
engdeu9704,Claude-3.5,en-de,TGT,eng,deu,7,test-en-speech_392RoIzR2Fs_001,False,"{'start_i': 0, 'end_i': 50, 'severity': 'major'}"
engdeu9704,ONLINE-B,en-de,TGT,eng,deu,8,test-en-speech_TBPP-za78BQ_000,False,"{'start_i': 0, 'end_i': 50, 'severity': 'major'}"
engdeu9704,Llama3-70B,en-de,TGT,eng,deu,9,test-en-news_brisbanetimes.com.au.228963,False,"{'start_i': 0, 'end_i': 50, 'severity': 'major'}"
engdeu9704,Llama3-70B,en-de,TGT,eng,deu,10,test-en-news_brisbanetimes.com.au.228963,False,"{'start_i': 0, 'end_i': 50, 'severity': 'major'}"
