engdeu0701,newstest2019-ende-ref.de,47,REF,eng,deu,10,serious-semantic-error1,None
engdeu0701,newstest2019.Microsoft-WMT19-document-level.6808.en-de.txt,40,TGT,eng,deu,20,serious-semantic-error1,None
engdeu0701,newstest2019.Microsoft-WMT19-sentence-level.6785.en-de.txt,40,TGT,eng,deu,30,serious-semantic-error2,None
engdeu0701,newstest2019.Microsoft-WMT19-sentence_document.6974.en-de.txt,40,TGT,eng,deu,30,serious-semantic-error2,None
engdeu0701,newstest2019.Microsoft-WMT19-document-level.6808.en-de.txt,48,TGT,eng,deu,30,serious-semantic-error1,None
engdeu0701,newstest2019.Microsoft-WMT19-sentence-level.6785.en-de.txt,54,TGT,eng,deu,40,serious-semantic-error1,None
engdeu0701,newstest2019.Microsoft-WMT19-document-level.6808.en-de.txt,54,TGT,eng,deu,50,serious-semantic-error2,None
engdeu0701,newstest2019.Microsoft-WMT19-sentence_document.6974.en-de.txt,54,TGT,eng,deu,50,serious-semantic-error2,None
engdeu0701,newstest2019.Microsoft-WMT19-document-level.6808.en-de.txt,22,TGT,eng,deu,50,serious-semantic-error1,None
engdeu0701,newstest2019.Microsoft-WMT19-sentence_document.6974.en-de.txt,22,TGT,eng,deu,50,serious-semantic-error1,None
engdeu0701,newstest2019.Microsoft-WMT19-sentence_document.6974.en-de.txt,64,CHK,eng,deu,60,None,error-in-source-text
engdeu0701,newstest2019.Microsoft-WMT19-sentence_document.6974.en-de.txt,41,TGT,eng,deu,70,None,error-in-source-text
engdeu0701,newstest2019.Microsoft-WMT19-document-level.6808.en-de.txt,41,TGT,eng,deu,80,serious-semantic-error3,error-in-source-text
engdeu0701,newstest2019.Microsoft-WMT19-document-level.6808.en-de.txt,15,CHK,eng,deu,80,None,error-in-source-text
engdeu0701,newstest2019.Microsoft-WMT19-sentence_document.6974.en-de.txt,15,CHK,eng,deu,80,None,error-in-source-text
engdeu0701,newstest2019.Microsoft-WMT19-sentence-level.6785.en-de.txt,63,TGT,eng,deu,90,None,error-in-source-text
engdeu0701,newstest2019.Microsoft-WMT19-sentence_document.6974.en-de.txt,63,TGT,eng,deu,100,serious-semantic-error3,error-in-source-text
