engdeu0a01,newstest2019.Microsoft-WMT19-sentence-level.6785.en-de.sgm-fakeSystemA,0,TGT,eng,deu,10,rt.com.91337,False
engdeu0a01,newstest2019.Microsoft-WMT19-sentence-level.6785.en-de.sgm-fakeSystemB,0,TGT,eng,deu,20,rt.com.91337,False
engdeu0a01,newstest2019.Microsoft-WMT19-sentence-level.6785.en-de.sgm-fakeSystemA,1,TGT,eng,deu,20,rt.com.91337,False
engdeu0a01,newstest2019.Microsoft-WMT19-sentence-level.6785.en-de.sgm-fakeSystemB,1,TGT,eng,deu,30,rt.com.91337,False
engdeu0a01,newstest2019.Microsoft-WMT19-sentence-level.6785.en-de.sgm-fakeSystemA,2,TGT,eng,deu,30,rt.com.91337,False
engdeu0a01,newstest2019.Microsoft-WMT19-sentence-level.6785.en-de.sgm-fakeSystemB,2,TGT,eng,deu,40,rt.com.91337,False
engdeu0a01,newstest2019.Microsoft-WMT19-sentence-level.6785.en-de.sgm-fakeSystemA,3,TGT,eng,deu,40,rt.com.91337,False
engdeu0a01,newstest2019.Microsoft-WMT19-sentence-level.6785.en-de.sgm-fakeSystemB,3,TGT,eng,deu,50,rt.com.91337,False
engdeu0a01,newstest2019.Microsoft-WMT19-sentence-level.6785.en-de.sgm-fakeSystemA,4,TGT,eng,deu,50,rt.com.91337,False
engdeu0a01,newstest2019.Microsoft-WMT19-sentence-level.6785.en-de.sgm-fakeSystemB,4,TGT,eng,deu,60,rt.com.91337,False
engdeu0a01,newstest2019.Microsoft-WMT19-sentence-level.6785.en-de.sgm-fakeSystemA,5,TGT,eng,deu,60,rt.com.91337,False
engdeu0a01,newstest2019.Microsoft-WMT19-sentence-level.6785.en-de.sgm-fakeSystemB,5,TGT,eng,deu,70,rt.com.91337,False
engdeu0a01,newstest2019.Microsoft-WMT19-sentence-level.6785.en-de.sgm-fakeSystemA,6,TGT,eng,deu,70,rt.com.91337,True
engdeu0a01,newstest2019.Microsoft-WMT19-sentence-level.6785.en-de.sgm-fakeSystemB,6,TGT,eng,deu,80,rt.com.91337,True
engdeu0a01,newstest2019.Microsoft-WMT19-document-level.6808.en-de.sgm-fakeSystemA,0,TGT,eng,deu,80,bbc.381790,False
engdeu0a01,newstest2019.Microsoft-WMT19-document-level.6808.en-de.sgm-fakeSystemB,0,TGT,eng,deu,90,bbc.381790,False
engdeu0a01,newstest2019.Microsoft-WMT19-document-level.6808.en-de.sgm-fakeSystemA,1,TGT,eng,deu,90,bbc.381790,False
engdeu0a01,newstest2019.Microsoft-WMT19-document-level.6808.en-de.sgm-fakeSystemB,1,TGT,eng,deu,100,bbc.381790,False
