engdeu0f01,ende-tutorial1,ende-tutorial1,TGT,eng,deu,10,ende-tutorial1,False,"{'start_i': 0, 'end_i': 50, 'severity': 'major'}"
engdeu0f01,ende-tutorial1,ende-tutorial1,TGT,eng,deu,20,ende-tutorial1,False,"{'start_i': 0, 'end_i': 50, 'severity': 'major'}"
engdeu0f01,ende-tutorial1,ende-tutorial1,TGT,eng,deu,30,ende-tutorial1,False,"{'start_i': 0, 'end_i': 50, 'severity': 'major'}"
engdeu0f01,ende-tutorial2,ende-tutorial2,TGT,eng,deu,40,ende-tutorial2,False,"{'start_i': 0, 'end_i': 50, 'severity': 'major'}"
engdeu0f01,ende-tutorial2,ende-tutorial2,TGT,eng,deu,50,ende-tutorial2,False,"{'start_i': 0, 'end_i': 50, 'severity': 'major'}"
