Task 0: 14 BAD items in 2 doc(s)
Task 1: 5 BAD items in 2 doc(s)
Task 2: 11 BAD items in 2 doc(s)
Task 3: 12 BAD items in 2 doc(s)
Task 4: 11 BAD items in 3 doc(s)
Task 5: 16 BAD items in 3 doc(s)
System Online-Y
  will be evaluated on 10/10 unique docs
  Doc IDs: bild.254846#1-5 epochtimes.de.56046#1-10 epochtimes.de.56046#10-19 epochtimes.de.56046#5-14 handelsblatt.com.292800#4-13 kurier.at.204564#1-9 ln-online.de.149803#21-30 ln-online.de.149803#8-17 mittelbayerische.de.307175#2-11 rt-german.14747#1-10
    bild.254846#1-5	appears 1 times: 1 TGTs + 0 BADs
    epochtimes.de.56046#1-10	appears 1 times: 1 TGTs + 0 BADs
    epochtimes.de.56046#10-19	appears 2 times: 1 TGTs + 1 BADs
    epochtimes.de.56046#5-14	appears 2 times: 1 TGTs + 1 BADs
    handelsblatt.com.292800#4-13	appears 2 times: 1 TGTs + 1 BADs
    kurier.at.204564#1-9	appears 2 times: 1 TGTs + 1 BADs
    ln-online.de.149803#21-30	appears 1 times: 1 TGTs + 0 BADs
    ln-online.de.149803#8-17	appears 1 times: 1 TGTs + 0 BADs
    mittelbayerische.de.307175#2-11	appears 2 times: 1 TGTs + 1 BADs
    rt-german.14747#1-10	appears 1 times: 1 TGTs + 0 BADs
System Online-W
  will be evaluated on 10/10 unique docs
  Doc IDs: bild.254846#1-5 epochtimes.de.56046#1-10 epochtimes.de.56046#10-19 epochtimes.de.56046#5-14 handelsblatt.com.292800#4-13 kurier.at.204564#1-9 ln-online.de.149803#21-30 ln-online.de.149803#8-17 mittelbayerische.de.307175#2-11 rt-german.14747#1-10
    bild.254846#1-5	appears 2 times: 1 TGTs + 1 BADs
    epochtimes.de.56046#1-10	appears 1 times: 1 TGTs + 0 BADs
    epochtimes.de.56046#10-19	appears 2 times: 1 TGTs + 1 BADs
    epochtimes.de.56046#5-14	appears 1 times: 1 TGTs + 0 BADs
    handelsblatt.com.292800#4-13	appears 2 times: 1 TGTs + 1 BADs
    kurier.at.204564#1-9	appears 2 times: 1 TGTs + 1 BADs
    ln-online.de.149803#21-30	appears 2 times: 1 TGTs + 1 BADs
    ln-online.de.149803#8-17	appears 1 times: 1 TGTs + 0 BADs
    mittelbayerische.de.307175#2-11	appears 1 times: 1 TGTs + 0 BADs
    rt-german.14747#1-10	appears 2 times: 1 TGTs + 1 BADs
System translator-A
  will be evaluated on 10/10 unique docs
  Doc IDs: bild.254846#1-5 epochtimes.de.56046#1-10 epochtimes.de.56046#10-19 epochtimes.de.56046#5-14 handelsblatt.com.292800#4-13 kurier.at.204564#1-9 ln-online.de.149803#21-30 ln-online.de.149803#8-17 mittelbayerische.de.307175#2-11 rt-german.14747#1-10
    bild.254846#1-5	appears 1 times: 1 TGTs + 0 BADs
    epochtimes.de.56046#1-10	appears 1 times: 1 TGTs + 0 BADs
    epochtimes.de.56046#10-19	appears 1 times: 1 TGTs + 0 BADs
    epochtimes.de.56046#5-14	appears 2 times: 1 TGTs + 1 BADs
    handelsblatt.com.292800#4-13	appears 1 times: 1 TGTs + 0 BADs
    kurier.at.204564#1-9	appears 2 times: 1 TGTs + 1 BADs
    ln-online.de.149803#21-30	appears 1 times: 1 TGTs + 0 BADs
    ln-online.de.149803#8-17	appears 1 times: 1 TGTs + 0 BADs
    mittelbayerische.de.307175#2-11	appears 1 times: 1 TGTs + 0 BADs
    rt-german.14747#1-10	appears 1 times: 1 TGTs + 0 BADs
System Online-A
  will be evaluated on 10/10 unique docs
  Doc IDs: bild.254846#1-5 epochtimes.de.56046#1-10 epochtimes.de.56046#10-19 epochtimes.de.56046#5-14 handelsblatt.com.292800#4-13 kurier.at.204564#1-9 ln-online.de.149803#21-30 ln-online.de.149803#8-17 mittelbayerische.de.307175#2-11 rt-german.14747#1-10
    bild.254846#1-5	appears 1 times: 1 TGTs + 0 BADs
    epochtimes.de.56046#1-10	appears 1 times: 1 TGTs + 0 BADs
    epochtimes.de.56046#10-19	appears 1 times: 1 TGTs + 0 BADs
    epochtimes.de.56046#5-14	appears 1 times: 1 TGTs + 0 BADs
    handelsblatt.com.292800#4-13	appears 1 times: 1 TGTs + 0 BADs
    kurier.at.204564#1-9	appears 1 times: 1 TGTs + 0 BADs
    ln-online.de.149803#21-30	appears 1 times: 1 TGTs + 0 BADs
    ln-online.de.149803#8-17	appears 1 times: 1 TGTs + 0 BADs
    mittelbayerische.de.307175#2-11	appears 2 times: 1 TGTs + 1 BADs
    rt-german.14747#1-10	appears 1 times: 1 TGTs + 0 BADs
System Online-B
  will be evaluated on 10/10 unique docs
  Doc IDs: bild.254846#1-5 epochtimes.de.56046#1-10 epochtimes.de.56046#10-19 epochtimes.de.56046#5-14 handelsblatt.com.292800#4-13 kurier.at.204564#1-9 ln-online.de.149803#21-30 ln-online.de.149803#8-17 mittelbayerische.de.307175#2-11 rt-german.14747#1-10
    bild.254846#1-5	appears 1 times: 1 TGTs + 0 BADs
    epochtimes.de.56046#1-10	appears 1 times: 1 TGTs + 0 BADs
    epochtimes.de.56046#10-19	appears 1 times: 1 TGTs + 0 BADs
    epochtimes.de.56046#5-14	appears 1 times: 1 TGTs + 0 BADs
    handelsblatt.com.292800#4-13	appears 1 times: 1 TGTs + 0 BADs
    kurier.at.204564#1-9	appears 1 times: 1 TGTs + 0 BADs
    ln-online.de.149803#21-30	appears 1 times: 1 TGTs + 0 BADs
    ln-online.de.149803#8-17	appears 1 times: 1 TGTs + 0 BADs
    mittelbayerische.de.307175#2-11	appears 2 times: 1 TGTs + 1 BADs
    rt-german.14747#1-10	appears 1 times: 1 TGTs + 0 BADs
Total number of tasks: 6
Total number of segment items: 600
  TGT items: 531 = 88.5%
  BAD items: 69 = 11.5%
Total number of document items: 65
Done
